2026-08-20 15:04:36,986 INFO [MusicGen] Loading model 'facebook/musicgen-small' on cuda (torch.float16)...
2026-08-20 15:04:44,729 INFO [MusicGen] Model loaded on cuda (torch.float16)
2026-08-20 15:04:44,730 INFO [MusicGen] Generating: 'musical backing track in F major, instrumental accompaniment' (30.0s)
2026-08-20 15:06:08,868 INFO [MusicGen] Saved to outputs\3dbbdca4_backing.wav
2026-08-20 15:06:08,869 INFO [process] job=3dbbdca4 auto_tune + generate_music done in 149.8s
2026-08-20 15:06:08,870 INFO [process] job=3dbbdca4 starting mix_tracks
2026-08-20 15:06:09,275 INFO [process] job=3dbbdca4 mix_tracks done in 150.2s
2026-08-20 15:06:09,275 INFO [process] job=3dbbdca4 complete in 150.2s
2026-08-20 15:42:05,960 INFO [process] job=07401586 analyzing uploads\07401586.wav
2026-08-20 15:42:28,384 INFO [process] job=07401586 key=F minor tempo=143.5546875 vocal=soprano/high prompt='professional backing track in F minor, tempo 144 bpm, rich bass guitar and warm low-end synths, full-bodied pads, depth and warmth in lower frequencies, punchy kick drum, tight snare, crisp hi-hats, prominent bass line, deep low-end foundation, lush chorus harmonies, shimmering reverb tails, rich orchestral arrangement, layered instrumentation, professional studio mix, clear separation between instruments, radio-ready production quality'
2026-08-20 15:42:49,472 INFO [process] job=07401586 auto_tune done in 43.5s
2026-08-20 15:42:49,472 INFO [process] job=07401586 starting generate_music (200.1s): 'professional backing track in F minor, tempo 144 bpm, rich bass guitar and warm low-end synths, full-bodied pads, depth and warmth in lower frequencies, punchy kick drum, tight snare, crisp hi-hats, prominent bass line, deep low-end foundation, lush chorus harmonies, shimmering reverb tails, rich orchestral arrangement, layered instrumentation, professional studio mix, clear separation between instruments, radio-ready production quality'
2026-08-20 15:43:01,993 INFO [MusicGen] Loading model 'facebook/musicgen-small' on cuda (torch.float16)...
2026-08-20 15:43:09,830 INFO [MusicGen] Model loaded on cuda (torch.float16)
2026-08-20 15:43:09,830 INFO [MusicGen] Generating: 'professional backing track in F minor, tempo 144 bpm, rich bass guitar and warm low-end synths, full-bodied pads, depth and warmth in lower frequencies, punchy kick drum, tight snare, crisp hi-hats, prominent bass line, deep low-end foundation, lush chorus harmonies, shimmering reverb tails, rich orchestral arrangement, layered instrumentation, professional studio mix, clear separation between instruments, radio-ready production quality' (200.06401360544217s) via chunked generation
2026-08-20 15:44:17,393 INFO [MusicGen] Chunk done, 170.1s remaining
2026-08-20 15:44:17,407 WARNING [process] job=07401586 generate_music failed: only one element tensors can be converted to Python scalars. Proceeding with autotuned only.
2026-08-20 15:44:17,407 INFO [process] job=07401586 complete in 131.4s
2026-08-20 15:49:09,287 INFO [process] job=4363a715 analyzing uploads\4363a715.wav
2026-08-20 15:49:23,524 INFO [process] job=4363a715 key=C# major tempo=172.265625 vocal=tenor/alto prompt='professional backing track in C# major, tempo 172 bpm, balanced bass and warm synth pads, clean electric guitar, atmospheric textures, punchy kick drum, tight snare, crisp hi-hats, prominent bass line, deep low-end foundation, lush chorus harmonies, shimmering reverb tails, rich orchestral arrangement, layered instrumentation, professional studio mix, clear separation between instruments, radio-ready production quality'
2026-08-20 15:49:35,485 INFO [process] job=4363a715 auto_tune done in 26.2s
2026-08-20 15:49:35,485 INFO [process] job=4363a715 starting generate_music (155.7s): 'professional backing track in C# major, tempo 172 bpm, balanced bass and warm synth pads, clean electric guitar, atmospheric textures, punchy kick drum, tight snare, crisp hi-hats, prominent bass line, deep low-end foundation, lush chorus harmonies, shimmering reverb tails, rich orchestral arrangement, layered instrumentation, professional studio mix, clear separation between instruments, radio-ready production quality'
2026-08-20 15:49:35,486 INFO [MusicGen] Generating: 'professional backing track in C# major, tempo 172 bpm, balanced bass and warm synth pads, clean electric guitar, atmospheric textures, punchy kick drum, tight snare, crisp hi-hats, prominent bass line, deep low-end foundation, lush chorus harmonies, shimmering reverb tails, rich orchestral arrangement, layered instrumentation, professional studio mix, clear separation between instruments, radio-ready production quality' (155.66934240362812s) via chunked generation
2026-08-20 15:50:29,449 INFO [MusicGen] Chunk done, 125.7s remaining
2026-08-20 15:50:29,451 WARNING [process] job=4363a715 generate_music failed: only one element tensors can be converted to Python scalars. Proceeding with autotuned only.
2026-08-20 15:50:29,451 INFO [process] job=4363a715 complete in 80.2s
2026-08-26 15:43:20,181 INFO [process] job=518e688c analyzing uploads\518e688c.wav
2026-08-26 15:43:20,191 ERROR [process] job=518e688c FAILED: Error opening 'uploads\\518e688c.wav': Format not recognised.
Traceback (most recent call last):
  File "C:\Users\shrew\tunify\backend\src\routes\audio.py", line 135, in process_audio
    analysis = await loop.run_in_executor(None, lambda: detect_key_and_scale(input_path))
               ^^^^^^^^^^^^^^^^^^^^^^^^^^^^^^^^^^^^^^^^^^^^^^^^^^^^^^^^^^^^^^^^^^^^^^^^^^
  File "C:\Python313\Lib\concurrent\futures\thread.py", line 59, in run
    result = self.fn(*self.args, **self.kwargs)
  File "C:\Users\shrew\tunify\backend\src\routes\audio.py", line 135, in <lambda>
    analysis = await loop.run_in_executor(None, lambda: detect_key_and_scale(input_path))
                                                        ~~~~~~~~~~~~~~~~~~~~^^^^^^^^^^^^
  File "C:\Users\shrew\tunify\backend\src\ml\pitch_detection.py", line 107, in detect_key_and_scale
    y, sr = librosa.load(audio_path, sr=22050)
            ~~~~~~~~~~~~^^^^^^^^^^^^^^^^^^^^^^
  File "C:\Users\shrew\tunify\backend\venv\Lib\site-packages\librosa\core\audio.py", line 156, in load
    y, sr_native = __soundfile_load(path, offset, duration, dtype)
                   ~~~~~~~~~~~~~~~~^^^^^^^^^^^^^^^^^^^^^^^^^^^^^^^
  File "C:\Users\shrew\tunify\backend\venv\Lib\site-packages\librosa\core\audio.py", line 179, in __soundfile_load
    context = sf.SoundFile(path)
  File "C:\Users\shrew\tunify\backend\venv\Lib\site-packages\soundfile.py", line 708, in __init__
    self._file = self._open(file, mode_int, closefd)
                 ~~~~~~~~~~^^^^^^^^^^^^^^^^^^^^^^^^^
  File "C:\Users\shrew\tunify\backend\venv\Lib\site-packages\soundfile.py", line 1296, in _open
    raise LibsndfileError(err, prefix=f"Error opening {self.name!r}: ")
soundfile.LibsndfileError: Error opening 'uploads\\518e688c.wav': Format not recognised.
2026-08-26 15:43:26,876 INFO [process] job=518e688c analyzing uploads\518e688c.wav
2026-08-26 15:43:26,879 ERROR [process] job=518e688c FAILED: Error opening 'uploads\\518e688c.wav': Format not recognised.
Traceback (most recent call last):
  File "C:\Users\shrew\tunify\backend\src\routes\audio.py", line 135, in process_audio
    analysis = await loop.run_in_executor(None, lambda: detect_key_and_scale(input_path))
               ^^^^^^^^^^^^^^^^^^^^^^^^^^^^^^^^^^^^^^^^^^^^^^^^^^^^^^^^^^^^^^^^^^^^^^^^^^
  File "C:\Python313\Lib\concurrent\futures\thread.py", line 59, in run
    result = self.fn(*self.args, **self.kwargs)
  File "C:\Users\shrew\tunify\backend\src\routes\audio.py", line 135, in <lambda>
    analysis = await loop.run_in_executor(None, lambda: detect_key_and_scale(input_path))
                                                        ~~~~~~~~~~~~~~~~~~~~^^^^^^^^^^^^
  File "C:\Users\shrew\tunify\backend\src\ml\pitch_detection.py", line 107, in detect_key_and_scale
    y, sr = librosa.load(audio_path, sr=22050)
            ~~~~~~~~~~~~^^^^^^^^^^^^^^^^^^^^^^
  File "C:\Users\shrew\tunify\backend\venv\Lib\site-packages\librosa\core\audio.py", line 156, in load
    y, sr_native = __soundfile_load(path, offset, duration, dtype)
                   ~~~~~~~~~~~~~~~~^^^^^^^^^^^^^^^^^^^^^^^^^^^^^^^
  File "C:\Users\shrew\tunify\backend\venv\Lib\site-packages\librosa\core\audio.py", line 179, in __soundfile_load
    context = sf.SoundFile(path)
  File "C:\Users\shrew\tunify\backend\venv\Lib\site-packages\soundfile.py", line 708, in __init__
    self._file = self._open(file, mode_int, closefd)
                 ~~~~~~~~~~^^^^^^^^^^^^^^^^^^^^^^^^^
  File "C:\Users\shrew\tunify\backend\venv\Lib\site-packages\soundfile.py", line 1296, in _open
    raise LibsndfileError(err, prefix=f"Error opening {self.name!r}: ")
soundfile.LibsndfileError: Error opening 'uploads\\518e688c.wav': Format not recognised.
2026-08-26 15:43:28,036 INFO [process] job=518e688c analyzing uploads\518e688c.wav
2026-08-26 15:43:28,039 ERROR [process] job=518e688c FAILED: Error opening 'uploads\\518e688c.wav': Format not recognised.
Traceback (most recent call last):
  File "C:\Users\shrew\tunify\backend\src\routes\audio.py", line 135, in process_audio
    analysis = await loop.run_in_executor(None, lambda: detect_key_and_scale(input_path))
               ^^^^^^^^^^^^^^^^^^^^^^^^^^^^^^^^^^^^^^^^^^^^^^^^^^^^^^^^^^^^^^^^^^^^^^^^^^
  File "C:\Python313\Lib\concurrent\futures\thread.py", line 59, in run
    result = self.fn(*self.args, **self.kwargs)
  File "C:\Users\shrew\tunify\backend\src\routes\audio.py", line 135, in <lambda>
    analysis = await loop.run_in_executor(None, lambda: detect_key_and_scale(input_path))
                                                        ~~~~~~~~~~~~~~~~~~~~^^^^^^^^^^^^
  File "C:\Users\shrew\tunify\backend\src\ml\pitch_detection.py", line 107, in detect_key_and_scale
    y, sr = librosa.load(audio_path, sr=22050)
            ~~~~~~~~~~~~^^^^^^^^^^^^^^^^^^^^^^
  File "C:\Users\shrew\tunify\backend\venv\Lib\site-packages\librosa\core\audio.py", line 156, in load
    y, sr_native = __soundfile_load(path, offset, duration, dtype)
                   ~~~~~~~~~~~~~~~~^^^^^^^^^^^^^^^^^^^^^^^^^^^^^^^
  File "C:\Users\shrew\tunify\backend\venv\Lib\site-packages\librosa\core\audio.py", line 179, in __soundfile_load
    context = sf.SoundFile(path)
  File "C:\Users\shrew\tunify\backend\venv\Lib\site-packages\soundfile.py", line 708, in __init__
    self._file = self._open(file, mode_int, closefd)
                 ~~~~~~~~~~^^^^^^^^^^^^^^^^^^^^^^^^^
  File "C:\Users\shrew\tunify\backend\venv\Lib\site-packages\soundfile.py", line 1296, in _open
    raise LibsndfileError(err, prefix=f"Error opening {self.name!r}: ")
soundfile.LibsndfileError: Error opening 'uploads\\518e688c.wav': Format not recognised.
2026-08-26 15:43:32,999 INFO [process] job=518e688c analyzing uploads\518e688c.wav
2026-08-26 15:43:33,005 ERROR [process] job=518e688c FAILED: Error opening 'uploads\\518e688c.wav': Format not recognised.
Traceback (most recent call last):
  File "C:\Users\shrew\tunify\backend\src\routes\audio.py", line 135, in process_audio
    analysis = await loop.run_in_executor(None, lambda: detect_key_and_scale(input_path))
               ^^^^^^^^^^^^^^^^^^^^^^^^^^^^^^^^^^^^^^^^^^^^^^^^^^^^^^^^^^^^^^^^^^^^^^^^^^
  File "C:\Python313\Lib\concurrent\futures\thread.py", line 59, in run
    result = self.fn(*self.args, **self.kwargs)
  File "C:\Users\shrew\tunify\backend\src\routes\audio.py", line 135, in <lambda>
    analysis = await loop.run_in_executor(None, lambda: detect_key_and_scale(input_path))
                                                        ~~~~~~~~~~~~~~~~~~~~^^^^^^^^^^^^
  File "C:\Users\shrew\tunify\backend\src\ml\pitch_detection.py", line 107, in detect_key_and_scale
    y, sr = librosa.load(audio_path, sr=22050)
            ~~~~~~~~~~~~^^^^^^^^^^^^^^^^^^^^^^
  File "C:\Users\shrew\tunify\backend\venv\Lib\site-packages\librosa\core\audio.py", line 156, in load
    y, sr_native = __soundfile_load(path, offset, duration, dtype)
                   ~~~~~~~~~~~~~~~~^^^^^^^^^^^^^^^^^^^^^^^^^^^^^^^
  File "C:\Users\shrew\tunify\backend\venv\Lib\site-packages\librosa\core\audio.py", line 179, in __soundfile_load
    context = sf.SoundFile(path)
  File "C:\Users\shrew\tunify\backend\venv\Lib\site-packages\soundfile.py", line 708, in __init__
    self._file = self._open(file, mode_int, closefd)
                 ~~~~~~~~~~^^^^^^^^^^^^^^^^^^^^^^^^^
  File "C:\Users\shrew\tunify\backend\venv\Lib\site-packages\soundfile.py", line 1296, in _open
    raise LibsndfileError(err, prefix=f"Error opening {self.name!r}: ")
soundfile.LibsndfileError: Error opening 'uploads\\518e688c.wav': Format not recognised.
2026-08-26 15:55:07,126 INFO [process] job=518e688c analyzing uploads\518e688c.wav
2026-08-26 15:55:07,132 ERROR [process] job=518e688c FAILED: Error opening 'uploads\\518e688c.wav': Format not recognised.
Traceback (most recent call last):
  File "C:\Users\shrew\tunify\backend\src\routes\audio.py", line 135, in process_audio
    analysis = await loop.run_in_executor(None, lambda: detect_key_and_scale(input_path))
               ^^^^^^^^^^^^^^^^^^^^^^^^^^^^^^^^^^^^^^^^^^^^^^^^^^^^^^^^^^^^^^^^^^^^^^^^^^
  File "C:\Python313\Lib\concurrent\futures\thread.py", line 59, in run
    result = self.fn(*self.args, **self.kwargs)
  File "C:\Users\shrew\tunify\backend\src\routes\audio.py", line 135, in <lambda>
    analysis = await loop.run_in_executor(None, lambda: detect_key_and_scale(input_path))
                                                        ~~~~~~~~~~~~~~~~~~~~^^^^^^^^^^^^
  File "C:\Users\shrew\tunify\backend\src\ml\pitch_detection.py", line 107, in detect_key_and_scale
    y, sr = librosa.load(audio_path, sr=22050)
            ~~~~~~~~~~~~^^^^^^^^^^^^^^^^^^^^^^
  File "C:\Users\shrew\tunify\backend\venv\Lib\site-packages\librosa\core\audio.py", line 156, in load
    y, sr_native = __soundfile_load(path, offset, duration, dtype)
                   ~~~~~~~~~~~~~~~~^^^^^^^^^^^^^^^^^^^^^^^^^^^^^^^
  File "C:\Users\shrew\tunify\backend\venv\Lib\site-packages\librosa\core\audio.py", line 179, in __soundfile_load
    context = sf.SoundFile(path)
  File "C:\Users\shrew\tunify\backend\venv\Lib\site-packages\soundfile.py", line 708, in __init__
    self._file = self._open(file, mode_int, closefd)
                 ~~~~~~~~~~^^^^^^^^^^^^^^^^^^^^^^^^^
  File "C:\Users\shrew\tunify\backend\venv\Lib\site-packages\soundfile.py", line 1296, in _open
    raise LibsndfileError(err, prefix=f"Error opening {self.name!r}: ")
soundfile.LibsndfileError: Error opening 'uploads\\518e688c.wav': Format not recognised.
2026-08-26 16:08:13,042 INFO [process] job=518e688c analyzing uploads\518e688c.wav
2026-08-26 16:08:13,044 ERROR [process] job=518e688c FAILED: Error opening 'uploads\\518e688c.wav': Format not recognised.
Traceback (most recent call last):
  File "C:\Users\shrew\tunify\backend\src\routes\audio.py", line 135, in process_audio
    analysis = await loop.run_in_executor(None, lambda: detect_key_and_scale(input_path))
               ^^^^^^^^^^^^^^^^^^^^^^^^^^^^^^^^^^^^^^^^^^^^^^^^^^^^^^^^^^^^^^^^^^^^^^^^^^
  File "C:\Python313\Lib\concurrent\futures\thread.py", line 59, in run
    result = self.fn(*self.args, **self.kwargs)
  File "C:\Users\shrew\tunify\backend\src\routes\audio.py", line 135, in <lambda>
    analysis = await loop.run_in_executor(None, lambda: detect_key_and_scale(input_path))
                                                        ~~~~~~~~~~~~~~~~~~~~^^^^^^^^^^^^
  File "C:\Users\shrew\tunify\backend\src\ml\pitch_detection.py", line 107, in detect_key_and_scale
    y, sr = librosa.load(audio_path, sr=22050)
            ~~~~~~~~~~~~^^^^^^^^^^^^^^^^^^^^^^
  File "C:\Users\shrew\tunify\backend\venv\Lib\site-packages\librosa\core\audio.py", line 156, in load
    y, sr_native = __soundfile_load(path, offset, duration, dtype)
                   ~~~~~~~~~~~~~~~~^^^^^^^^^^^^^^^^^^^^^^^^^^^^^^^
  File "C:\Users\shrew\tunify\backend\venv\Lib\site-packages\librosa\core\audio.py", line 179, in __soundfile_load
    context = sf.SoundFile(path)
  File "C:\Users\shrew\tunify\backend\venv\Lib\site-packages\soundfile.py", line 708, in __init__
    self._file = self._open(file, mode_int, closefd)
                 ~~~~~~~~~~^^^^^^^^^^^^^^^^^^^^^^^^^
  File "C:\Users\shrew\tunify\backend\venv\Lib\site-packages\soundfile.py", line 1296, in _open
    raise LibsndfileError(err, prefix=f"Error opening {self.name!r}: ")
soundfile.LibsndfileError: Error opening 'uploads\\518e688c.wav': Format not recognised.
2026-08-26 16:08:22,926 INFO [process] job=518e688c analyzing uploads\518e688c.wav
2026-08-26 16:08:22,929 ERROR [process] job=518e688c FAILED: Error opening 'uploads\\518e688c.wav': Format not recognised.
Traceback (most recent call last):
  File "C:\Users\shrew\tunify\backend\src\routes\audio.py", line 135, in process_audio
    analysis = await loop.run_in_executor(None, lambda: detect_key_and_scale(input_path))
               ^^^^^^^^^^^^^^^^^^^^^^^^^^^^^^^^^^^^^^^^^^^^^^^^^^^^^^^^^^^^^^^^^^^^^^^^^^
  File "C:\Python313\Lib\concurrent\futures\thread.py", line 59, in run
    result = self.fn(*self.args, **self.kwargs)
  File "C:\Users\shrew\tunify\backend\src\routes\audio.py", line 135, in <lambda>
    analysis = await loop.run_in_executor(None, lambda: detect_key_and_scale(input_path))
                                                        ~~~~~~~~~~~~~~~~~~~~^^^^^^^^^^^^
  File "C:\Users\shrew\tunify\backend\src\ml\pitch_detection.py", line 107, in detect_key_and_scale
    y, sr = librosa.load(audio_path, sr=22050)
            ~~~~~~~~~~~~^^^^^^^^^^^^^^^^^^^^^^
  File "C:\Users\shrew\tunify\backend\venv\Lib\site-packages\librosa\core\audio.py", line 156, in load
    y, sr_native = __soundfile_load(path, offset, duration, dtype)
                   ~~~~~~~~~~~~~~~~^^^^^^^^^^^^^^^^^^^^^^^^^^^^^^^
  File "C:\Users\shrew\tunify\backend\venv\Lib\site-packages\librosa\core\audio.py", line 179, in __soundfile_load
    context = sf.SoundFile(path)
  File "C:\Users\shrew\tunify\backend\venv\Lib\site-packages\soundfile.py", line 708, in __init__
    self._file = self._open(file, mode_int, closefd)
                 ~~~~~~~~~~^^^^^^^^^^^^^^^^^^^^^^^^^
  File "C:\Users\shrew\tunify\backend\venv\Lib\site-packages\soundfile.py", line 1296, in _open
    raise LibsndfileError(err, prefix=f"Error opening {self.name!r}: ")
soundfile.LibsndfileError: Error opening 'uploads\\518e688c.wav': Format not recognised.
2026-08-26 16:08:32,165 INFO [process] job=518e688c analyzing uploads\518e688c.wav
2026-08-26 16:08:32,167 ERROR [process] job=518e688c FAILED: Error opening 'uploads\\518e688c.wav': Format not recognised.
Traceback (most recent call last):
  File "C:\Users\shrew\tunify\backend\src\routes\audio.py", line 135, in process_audio
    analysis = await loop.run_in_executor(None, lambda: detect_key_and_scale(input_path))
               ^^^^^^^^^^^^^^^^^^^^^^^^^^^^^^^^^^^^^^^^^^^^^^^^^^^^^^^^^^^^^^^^^^^^^^^^^^
  File "C:\Python313\Lib\concurrent\futures\thread.py", line 59, in run
    result = self.fn(*self.args, **self.kwargs)
  File "C:\Users\shrew\tunify\backend\src\routes\audio.py", line 135, in <lambda>
    analysis = await loop.run_in_executor(None, lambda: detect_key_and_scale(input_path))
                                                        ~~~~~~~~~~~~~~~~~~~~^^^^^^^^^^^^
  File "C:\Users\shrew\tunify\backend\src\ml\pitch_detection.py", line 107, in detect_key_and_scale
    y, sr = librosa.load(audio_path, sr=22050)
            ~~~~~~~~~~~~^^^^^^^^^^^^^^^^^^^^^^
  File "C:\Users\shrew\tunify\backend\venv\Lib\site-packages\librosa\core\audio.py", line 156, in load
    y, sr_native = __soundfile_load(path, offset, duration, dtype)
                   ~~~~~~~~~~~~~~~~^^^^^^^^^^^^^^^^^^^^^^^^^^^^^^^
  File "C:\Users\shrew\tunify\backend\venv\Lib\site-packages\librosa\core\audio.py", line 179, in __soundfile_load
    context = sf.SoundFile(path)
  File "C:\Users\shrew\tunify\backend\venv\Lib\site-packages\soundfile.py", line 708, in __init__
    self._file = self._open(file, mode_int, closefd)
                 ~~~~~~~~~~^^^^^^^^^^^^^^^^^^^^^^^^^
  File "C:\Users\shrew\tunify\backend\venv\Lib\site-packages\soundfile.py", line 1296, in _open
    raise LibsndfileError(err, prefix=f"Error opening {self.name!r}: ")
soundfile.LibsndfileError: Error opening 'uploads\\518e688c.wav': Format not recognised.
2026-08-26 16:28:33,728 INFO [process] job=20e013e2 analyzing uploads\20e013e2.wav
2026-08-26 16:28:33,735 ERROR [process] job=20e013e2 FAILED: Error opening 'uploads\\20e013e2.wav': Format not recognised.
Traceback (most recent call last):
  File "C:\Users\shrew\tunify\backend\src\routes\audio.py", line 135, in process_audio
    analysis = await loop.run_in_executor(None, lambda: detect_key_and_scale(input_path))
               ^^^^^^^^^^^^^^^^^^^^^^^^^^^^^^^^^^^^^^^^^^^^^^^^^^^^^^^^^^^^^^^^^^^^^^^^^^
  File "C:\Python313\Lib\concurrent\futures\thread.py", line 59, in run
    result = self.fn(*self.args, **self.kwargs)
  File "C:\Users\shrew\tunify\backend\src\routes\audio.py", line 135, in <lambda>
    analysis = await loop.run_in_executor(None, lambda: detect_key_and_scale(input_path))
                                                        ~~~~~~~~~~~~~~~~~~~~^^^^^^^^^^^^
  File "C:\Users\shrew\tunify\backend\src\ml\pitch_detection.py", line 107, in detect_key_and_scale
    y, sr = librosa.load(audio_path, sr=22050)
            ~~~~~~~~~~~~^^^^^^^^^^^^^^^^^^^^^^
  File "C:\Users\shrew\tunify\backend\venv\Lib\site-packages\librosa\core\audio.py", line 156, in load
    y, sr_native = __soundfile_load(path, offset, duration, dtype)
                   ~~~~~~~~~~~~~~~~^^^^^^^^^^^^^^^^^^^^^^^^^^^^^^^
  File "C:\Users\shrew\tunify\backend\venv\Lib\site-packages\librosa\core\audio.py", line 179, in __soundfile_load
    context = sf.SoundFile(path)
  File "C:\Users\shrew\tunify\backend\venv\Lib\site-packages\soundfile.py", line 708, in __init__
    self._file = self._open(file, mode_int, closefd)
                 ~~~~~~~~~~^^^^^^^^^^^^^^^^^^^^^^^^^
  File "C:\Users\shrew\tunify\backend\venv\Lib\site-packages\soundfile.py", line 1296, in _open
    raise LibsndfileError(err, prefix=f"Error opening {self.name!r}: ")
soundfile.LibsndfileError: Error opening 'uploads\\20e013e2.wav': Format not recognised.
2026-08-26 16:30:30,526 INFO [process] job=20e013e2 analyzing uploads\20e013e2.wav
2026-08-26 16:30:30,528 ERROR [process] job=20e013e2 FAILED: Error opening 'uploads\\20e013e2.wav': Format not recognised.
Traceback (most recent call last):
  File "C:\Users\shrew\tunify\backend\src\routes\audio.py", line 135, in process_audio
    analysis = await loop.run_in_executor(None, lambda: detect_key_and_scale(input_path))
               ^^^^^^^^^^^^^^^^^^^^^^^^^^^^^^^^^^^^^^^^^^^^^^^^^^^^^^^^^^^^^^^^^^^^^^^^^^
  File "C:\Python313\Lib\concurrent\futures\thread.py", line 59, in run
    result = self.fn(*self.args, **self.kwargs)
  File "C:\Users\shrew\tunify\backend\src\routes\audio.py", line 135, in <lambda>
    analysis = await loop.run_in_executor(None, lambda: detect_key_and_scale(input_path))
                                                        ~~~~~~~~~~~~~~~~~~~~^^^^^^^^^^^^
  File "C:\Users\shrew\tunify\backend\src\ml\pitch_detection.py", line 107, in detect_key_and_scale
    y, sr = librosa.load(audio_path, sr=22050)
            ~~~~~~~~~~~~^^^^^^^^^^^^^^^^^^^^^^
  File "C:\Users\shrew\tunify\backend\venv\Lib\site-packages\librosa\core\audio.py", line 156, in load
    y, sr_native = __soundfile_load(path, offset, duration, dtype)
                   ~~~~~~~~~~~~~~~~^^^^^^^^^^^^^^^^^^^^^^^^^^^^^^^
  File "C:\Users\shrew\tunify\backend\venv\Lib\site-packages\librosa\core\audio.py", line 179, in __soundfile_load
    context = sf.SoundFile(path)
  File "C:\Users\shrew\tunify\backend\venv\Lib\site-packages\soundfile.py", line 708, in __init__
    self._file = self._open(file, mode_int, closefd)
                 ~~~~~~~~~~^^^^^^^^^^^^^^^^^^^^^^^^^
  File "C:\Users\shrew\tunify\backend\venv\Lib\site-packages\soundfile.py", line 1296, in _open
    raise LibsndfileError(err, prefix=f"Error opening {self.name!r}: ")
soundfile.LibsndfileError: Error opening 'uploads\\20e013e2.wav': Format not recognised.
2026-08-26 16:33:12,762 INFO [process] job=20e013e2 analyzing uploads\20e013e2.wav
2026-08-26 16:33:12,784 ERROR [process] job=20e013e2 FAILED: Error opening 'uploads\\20e013e2.wav': Format not recognised.
Traceback (most recent call last):
  File "C:\Users\shrew\tunify\backend\src\routes\audio.py", line 135, in process_audio
    analysis = await loop.run_in_executor(None, lambda: detect_key_and_scale(input_path))
               ^^^^^^^^^^^^^^^^^^^^^^^^^^^^^^^^^^^^^^^^^^^^^^^^^^^^^^^^^^^^^^^^^^^^^^^^^^
  File "C:\Python313\Lib\concurrent\futures\thread.py", line 59, in run
    result = self.fn(*self.args, **self.kwargs)
  File "C:\Users\shrew\tunify\backend\src\routes\audio.py", line 135, in <lambda>
    analysis = await loop.run_in_executor(None, lambda: detect_key_and_scale(input_path))
                                                        ~~~~~~~~~~~~~~~~~~~~^^^^^^^^^^^^
  File "C:\Users\shrew\tunify\backend\src\ml\pitch_detection.py", line 107, in detect_key_and_scale
    y, sr = librosa.load(audio_path, sr=22050)
            ~~~~~~~~~~~~^^^^^^^^^^^^^^^^^^^^^^
  File "C:\Users\shrew\tunify\backend\venv\Lib\site-packages\librosa\core\audio.py", line 156, in load
    y, sr_native = __soundfile_load(path, offset, duration, dtype)
                   ~~~~~~~~~~~~~~~~^^^^^^^^^^^^^^^^^^^^^^^^^^^^^^^
  File "C:\Users\shrew\tunify\backend\venv\Lib\site-packages\librosa\core\audio.py", line 179, in __soundfile_load
    context = sf.SoundFile(path)
  File "C:\Users\shrew\tunify\backend\venv\Lib\site-packages\soundfile.py", line 708, in __init__
    self._file = self._open(file, mode_int, closefd)
                 ~~~~~~~~~~^^^^^^^^^^^^^^^^^^^^^^^^^
  File "C:\Users\shrew\tunify\backend\venv\Lib\site-packages\soundfile.py", line 1296, in _open
    raise LibsndfileError(err, prefix=f"Error opening {self.name!r}: ")
soundfile.LibsndfileError: Error opening 'uploads\\20e013e2.wav': Format not recognised.
2026-08-27 01:18:25,957 INFO [MusicGen] Loading model 'facebook/musicgen-small' on cuda (torch.float16)...
2026-08-27 01:18:34,254 INFO [MusicGen] Model loaded on cuda (torch.float16)
2026-08-27 01:18:34,254 INFO [MusicGen] Generating: 'electronic dance music, heavy bass, energetic, 128 bpm' (30.0s)
2026-08-27 01:19:38,028 INFO [MusicGen] Saved to outputs\d8a9bd35_generated.wav (30.0s)
2026-08-27 02:00:50,159 INFO [Tunify] GPU: NVIDIA GeForce RTX 4050 Laptop GPU
2026-08-27 02:00:50,159 INFO [Tunify] VRAM: 6.0 GB
2026-08-27 02:01:04,483 INFO [MusicGen] Loading model 'facebook/musicgen-small' on cuda (torch.float16)...
2026-08-27 02:01:11,899 INFO [MusicGen] xformers memory-efficient attention enabled
2026-08-27 02:01:13,989 INFO [MusicGen] torch.compile applied to LM and compression model
2026-08-27 02:01:13,990 INFO [MusicGen] Model loaded on cuda (torch.float16)
2026-08-27 02:01:13,990 INFO [Tunify] MusicGen model pre-warmed successfully
2026-08-28 17:44:55,327 INFO [Tunify] GPU: NVIDIA GeForce RTX 4050 Laptop GPU
2026-08-28 17:44:55,328 INFO [Tunify] VRAM: 6.0 GB
2026-08-28 17:47:18,507 INFO [MusicGen] Loading model 'facebook/musicgen-small' on cuda (torch.float16)...
2026-08-28 17:47:34,827 INFO [MusicGen] xformers memory-efficient attention enabled
2026-08-28 17:47:39,220 INFO [MusicGen] torch.compile applied to LM and compression model
2026-08-28 17:47:39,221 INFO [MusicGen] Model loaded on cuda (torch.float16)
2026-08-28 17:47:39,221 INFO [Tunify] MusicGen model pre-warmed successfully
2026-09-06 13:50:29,733 INFO [Tunify] GPU: NVIDIA GeForce RTX 4050 Laptop GPU
2026-09-06 13:50:29,734 INFO [Tunify] VRAM: 6.0 GB
2026-09-06 13:51:09,419 INFO [MusicGen] Loading model 'facebook/musicgen-small' on cuda (torch.float16)...
2026-09-06 13:51:17,569 INFO [MusicGen] xformers memory-efficient attention enabled
2026-09-06 13:51:19,692 INFO [MusicGen] torch.compile applied to LM and compression model
2026-09-06 13:51:19,693 INFO [MusicGen] Model loaded on cuda (torch.float16)
2026-09-06 13:51:19,693 INFO [Tunify] MusicGen model pre-warmed successfully
2026-09-06 13:52:28,696 INFO [MusicGen] Generating: 'electronic dance music, heavy bass, energetic, 128 bpm' (10.0s)
2026-09-06 13:53:01,543 INFO [MusicGen] Saved to outputs\a902fa05_generated.wav (10.0s)
2026-09-10 22:01:01,556 INFO [Tunify] GPU: NVIDIA GeForce RTX 4050 Laptop GPU
2026-09-10 22:01:01,557 INFO [Tunify] VRAM: 6.0 GB
2026-09-10 22:01:47,912 INFO [MusicGen] Loading model 'facebook/musicgen-small' on cuda (torch.float16)...
2026-09-10 22:02:20,329 INFO [MusicGen] xformers memory-efficient attention enabled
2026-09-10 22:02:22,847 INFO [MusicGen] torch.compile applied to LM and compression model
2026-09-10 22:02:22,848 INFO [MusicGen] Model loaded on cuda (torch.float16)
2026-09-10 22:02:22,848 INFO [Tunify] MusicGen model pre-warmed successfully
2026-09-10 22:38:07,720 INFO [Tunify] GPU: NVIDIA GeForce RTX 4050 Laptop GPU
2026-09-10 22:38:07,721 INFO [Tunify] VRAM: 6.0 GB
2026-09-10 22:38:21,072 INFO [MusicGen] Loading model 'facebook/musicgen-small' on cuda (torch.float16)...
2026-09-10 22:38:30,389 INFO [MusicGen] xformers memory-efficient attention enabled
2026-09-10 22:38:31,944 INFO [MusicGen] torch.compile applied to LM and compression model
2026-09-10 22:38:31,944 INFO [MusicGen] Model loaded on cuda (torch.float16)
2026-09-10 22:38:31,944 INFO [Tunify] MusicGen model pre-warmed successfully
2026-09-10 23:22:27,998 INFO [upload] job=e0ce9fab converted WebM to WAV
2026-09-10 23:23:54,186 INFO [voice-swap] job=6313bf27 separating vocals from original
2026-09-10 23:23:54,227 INFO [voice-swap] job=6313bf27 detecting key from original
2026-09-10 23:24:01,988 INFO [voice-swap] job=6313bf27 key=C# major tempo=83.35433467741936
2026-09-10 23:24:01,988 INFO [voice-swap] job=6313bf27 auto-tuning voice to C# major
2026-09-10 23:24:07,909 INFO [voice-swap] job=fafd1666 separating vocals from original
2026-09-10 23:24:07,942 INFO [voice-swap] job=fafd1666 detecting key from original
2026-09-10 23:24:11,428 INFO [voice-swap] job=fafd1666 key=C# major tempo=83.35433467741936
2026-09-10 23:24:11,428 INFO [voice-swap] job=fafd1666 auto-tuning voice to C# major
2026-09-10 23:55:30,738 INFO [Tunify] GPU: NVIDIA GeForce RTX 4050 Laptop GPU
2026-09-10 23:55:30,739 INFO [Tunify] VRAM: 6.0 GB
2026-09-10 23:56:17,064 INFO [MusicGen] Loading model 'facebook/musicgen-small' on cuda (torch.float16)...
2026-09-10 23:56:26,467 INFO [MusicGen] xformers memory-efficient attention enabled
2026-09-10 23:56:28,732 INFO [MusicGen] torch.compile applied to LM and compression model
2026-09-10 23:56:28,733 INFO [MusicGen] Model loaded on cuda (torch.float16)
2026-09-10 23:56:28,733 INFO [Tunify] MusicGen model pre-warmed successfully
2026-09-11 00:03:05,637 INFO [voice-swap] job=3ab83a6a separating vocals from original
2026-09-11 00:03:05,673 INFO [voice-swap] job=3ab83a6a detecting key from original
2026-09-11 00:03:13,322 INFO [voice-swap] job=3ab83a6a key=C# major tempo=83.35433467741936
2026-09-11 00:03:13,322 INFO [voice-swap] job=3ab83a6a auto-tuning voice to C# major
2026-09-11 00:03:13,332 ERROR [voice-swap] job=3ab83a6a FAILED: Error opening 'uploads\\3ab83a6a_voice.m4a': Format not recognised.
Traceback (most recent call last):
  File "C:\Users\shrew\tunify\backend\src\routes\audio.py", line 350, in voice_swap
    tune_result = await loop.run_in_executor(
                  ^^^^^^^^^^^^^^^^^^^^^^^^^^^
    ...<8 lines>...
    )
    ^
  File "C:\Python313\Lib\concurrent\futures\thread.py", line 59, in run
    result = self.fn(*self.args, **self.kwargs)
  File "C:\Users\shrew\tunify\backend\src\routes\audio.py", line 352, in <lambda>
    lambda: auto_tune(
            ~~~~~~~~~^
        input_path=voice_path,
        ^^^^^^^^^^^^^^^^^^^^^^
    ...<3 lines>...
        correction_strength=correction_strength,
        ^^^^^^^^^^^^^^^^^^^^^^^^^^^^^^^^^^^^^^^^
    ),
    ^
  File "C:\Users\shrew\tunify\backend\src\ml\auto_tune.py", line 79, in auto_tune
    y, sr = librosa.load(input_path, sr=44100, mono=True)
            ~~~~~~~~~~~~^^^^^^^^^^^^^^^^^^^^^^^^^^^^^^^^^
  File "C:\Users\shrew\tunify\backend\venv\Lib\site-packages\librosa\core\audio.py", line 156, in load
    y, sr_native = __soundfile_load(path, offset, duration, dtype)
                   ~~~~~~~~~~~~~~~~^^^^^^^^^^^^^^^^^^^^^^^^^^^^^^^
  File "C:\Users\shrew\tunify\backend\venv\Lib\site-packages\librosa\core\audio.py", line 179, in __soundfile_load
    context = sf.SoundFile(path)
  File "C:\Users\shrew\tunify\backend\venv\Lib\site-packages\soundfile.py", line 708, in __init__
    self._file = self._open(file, mode_int, closefd)
                 ~~~~~~~~~~^^^^^^^^^^^^^^^^^^^^^^^^^
  File "C:\Users\shrew\tunify\backend\venv\Lib\site-packages\soundfile.py", line 1296, in _open
    raise LibsndfileError(err, prefix=f"Error opening {self.name!r}: ")
soundfile.LibsndfileError: Error opening 'uploads\\3ab83a6a_voice.m4a': Format not recognised.
2026-09-11 00:03:31,039 INFO [voice-swap] job=33f98ed7 separating vocals from original
2026-09-11 00:03:31,071 INFO [voice-swap] job=33f98ed7 detecting key from original
2026-09-11 00:03:34,622 INFO [voice-swap] job=33f98ed7 key=C# major tempo=83.35433467741936
2026-09-11 00:03:34,623 INFO [voice-swap] job=33f98ed7 auto-tuning voice to C# major
2026-09-11 00:03:34,631 ERROR [voice-swap] job=33f98ed7 FAILED: Error opening 'uploads\\33f98ed7_voice.m4a': Format not recognised.
Traceback (most recent call last):
  File "C:\Users\shrew\tunify\backend\src\routes\audio.py", line 350, in voice_swap
    tune_result = await loop.run_in_executor(
                  ^^^^^^^^^^^^^^^^^^^^^^^^^^^
    ...<8 lines>...
    )
    ^
  File "C:\Python313\Lib\concurrent\futures\thread.py", line 59, in run
    result = self.fn(*self.args, **self.kwargs)
  File "C:\Users\shrew\tunify\backend\src\routes\audio.py", line 352, in <lambda>
    lambda: auto_tune(
            ~~~~~~~~~^
        input_path=voice_path,
        ^^^^^^^^^^^^^^^^^^^^^^
    ...<3 lines>...
        correction_strength=correction_strength,
        ^^^^^^^^^^^^^^^^^^^^^^^^^^^^^^^^^^^^^^^^
    ),
    ^
  File "C:\Users\shrew\tunify\backend\src\ml\auto_tune.py", line 79, in auto_tune
    y, sr = librosa.load(input_path, sr=44100, mono=True)
            ~~~~~~~~~~~~^^^^^^^^^^^^^^^^^^^^^^^^^^^^^^^^^
  File "C:\Users\shrew\tunify\backend\venv\Lib\site-packages\librosa\core\audio.py", line 156, in load
    y, sr_native = __soundfile_load(path, offset, duration, dtype)
                   ~~~~~~~~~~~~~~~~^^^^^^^^^^^^^^^^^^^^^^^^^^^^^^^
  File "C:\Users\shrew\tunify\backend\venv\Lib\site-packages\librosa\core\audio.py", line 179, in __soundfile_load
    context = sf.SoundFile(path)
  File "C:\Users\shrew\tunify\backend\venv\Lib\site-packages\soundfile.py", line 708, in __init__
    self._file = self._open(file, mode_int, closefd)
                 ~~~~~~~~~~^^^^^^^^^^^^^^^^^^^^^^^^^
  File "C:\Users\shrew\tunify\backend\venv\Lib\site-packages\soundfile.py", line 1296, in _open
    raise LibsndfileError(err, prefix=f"Error opening {self.name!r}: ")
soundfile.LibsndfileError: Error opening 'uploads\\33f98ed7_voice.m4a': Format not recognised.
2026-09-11 00:05:07,924 INFO [Tunify] GPU: NVIDIA GeForce RTX 4050 Laptop GPU
2026-09-11 00:05:07,924 INFO [Tunify] VRAM: 6.0 GB
2026-09-11 00:05:21,436 INFO [MusicGen] Loading model 'facebook/musicgen-small' on cuda (torch.float16)...
2026-09-11 00:05:28,772 INFO [MusicGen] xformers memory-efficient attention enabled
2026-09-11 00:05:30,336 INFO [MusicGen] torch.compile applied to LM and compression model
2026-09-11 00:05:30,337 INFO [MusicGen] Model loaded on cuda (torch.float16)
2026-09-11 00:05:30,337 INFO [Tunify] MusicGen model pre-warmed successfully
2026-09-11 00:09:27,839 INFO [voice-swap] job=be288384 separating vocals from original
2026-09-11 00:09:27,879 INFO [voice-swap] job=be288384 detecting key from original
2026-09-11 00:09:34,893 INFO [voice-swap] job=be288384 key=C# major tempo=83.35433467741936
2026-09-11 00:09:34,893 INFO [voice-swap] job=be288384 auto-tuning voice to C# major
2026-09-11 00:09:56,056 INFO [voice-swap] job=be288384 auto-tune done in 30.7s
2026-09-11 00:09:56,056 INFO [voice-swap] job=be288384 mixing voice with original backing
2026-09-11 00:09:56,237 ERROR [voice-swap] job=be288384 FAILED: Error opening 'outputs\\be288384\\htdemucs\\be288384_orig\\no_vocals.wav': System error.
Traceback (most recent call last):
  File "C:\Users\shrew\tunify\backend\src\routes\audio.py", line 390, in voice_swap
    await loop.run_in_executor(None, _do_mix)
  File "C:\Python313\Lib\concurrent\futures\thread.py", line 59, in run
    result = self.fn(*self.args, **self.kwargs)
  File "C:\Users\shrew\tunify\backend\src\routes\audio.py", line 373, in _do_mix
    backing, _ = load_and_resample(original_backing_path, target_sr=44100)
                 ~~~~~~~~~~~~~~~~~^^^^^^^^^^^^^^^^^^^^^^^^^^^^^^^^^^^^^^^^
  File "C:\Users\shrew\tunify\backend\src\ml\mixer.py", line 9, in load_and_resample
    y, sr = librosa.load(audio_path, sr=target_sr, mono=True)
            ~~~~~~~~~~~~^^^^^^^^^^^^^^^^^^^^^^^^^^^^^^^^^^^^^
  File "C:\Users\shrew\tunify\backend\venv\Lib\site-packages\librosa\core\audio.py", line 156, in load
    y, sr_native = __soundfile_load(path, offset, duration, dtype)
                   ~~~~~~~~~~~~~~~~^^^^^^^^^^^^^^^^^^^^^^^^^^^^^^^
  File "C:\Users\shrew\tunify\backend\venv\Lib\site-packages\librosa\core\audio.py", line 179, in __soundfile_load
    context = sf.SoundFile(path)
  File "C:\Users\shrew\tunify\backend\venv\Lib\site-packages\soundfile.py", line 708, in __init__
    self._file = self._open(file, mode_int, closefd)
                 ~~~~~~~~~~^^^^^^^^^^^^^^^^^^^^^^^^^
  File "C:\Users\shrew\tunify\backend\venv\Lib\site-packages\soundfile.py", line 1296, in _open
    raise LibsndfileError(err, prefix=f"Error opening {self.name!r}: ")
soundfile.LibsndfileError: Error opening 'outputs\\be288384\\htdemucs\\be288384_orig\\no_vocals.wav': System error.
2026-09-11 00:10:04,216 INFO [voice-swap] job=f416757d separating vocals from original
2026-09-11 00:10:04,249 INFO [voice-swap] job=f416757d detecting key from original
2026-09-11 00:10:07,659 INFO [voice-swap] job=f416757d key=C# major tempo=83.35433467741936
2026-09-11 00:10:07,659 INFO [voice-swap] job=f416757d auto-tuning voice to C# major
2026-09-11 00:10:31,578 INFO [voice-swap] job=f416757d auto-tune done in 27.9s
2026-09-11 00:10:31,578 INFO [voice-swap] job=f416757d mixing voice with original backing
2026-09-11 00:10:31,760 ERROR [voice-swap] job=f416757d FAILED: Error opening 'outputs\\f416757d\\htdemucs\\f416757d_orig\\no_vocals.wav': System error.
Traceback (most recent call last):
  File "C:\Users\shrew\tunify\backend\src\routes\audio.py", line 390, in voice_swap
    await loop.run_in_executor(None, _do_mix)
  File "C:\Python313\Lib\concurrent\futures\thread.py", line 59, in run
    result = self.fn(*self.args, **self.kwargs)
  File "C:\Users\shrew\tunify\backend\src\routes\audio.py", line 373, in _do_mix
    backing, _ = load_and_resample(original_backing_path, target_sr=44100)
                 ~~~~~~~~~~~~~~~~~^^^^^^^^^^^^^^^^^^^^^^^^^^^^^^^^^^^^^^^^
  File "C:\Users\shrew\tunify\backend\src\ml\mixer.py", line 9, in load_and_resample
    y, sr = librosa.load(audio_path, sr=target_sr, mono=True)
            ~~~~~~~~~~~~^^^^^^^^^^^^^^^^^^^^^^^^^^^^^^^^^^^^^
  File "C:\Users\shrew\tunify\backend\venv\Lib\site-packages\librosa\core\audio.py", line 156, in load
    y, sr_native = __soundfile_load(path, offset, duration, dtype)
                   ~~~~~~~~~~~~~~~~^^^^^^^^^^^^^^^^^^^^^^^^^^^^^^^
  File "C:\Users\shrew\tunify\backend\venv\Lib\site-packages\librosa\core\audio.py", line 179, in __soundfile_load
    context = sf.SoundFile(path)
  File "C:\Users\shrew\tunify\backend\venv\Lib\site-packages\soundfile.py", line 708, in __init__
    self._file = self._open(file, mode_int, closefd)
                 ~~~~~~~~~~^^^^^^^^^^^^^^^^^^^^^^^^^
  File "C:\Users\shrew\tunify\backend\venv\Lib\site-packages\soundfile.py", line 1296, in _open
    raise LibsndfileError(err, prefix=f"Error opening {self.name!r}: ")
soundfile.LibsndfileError: Error opening 'outputs\\f416757d\\htdemucs\\f416757d_orig\\no_vocals.wav': System error.
2026-09-11 00:15:10,396 INFO [Tunify] GPU: NVIDIA GeForce RTX 4050 Laptop GPU
2026-09-11 00:15:10,397 INFO [Tunify] VRAM: 6.0 GB
2026-09-11 00:15:21,792 INFO [MusicGen] Loading model 'facebook/musicgen-small' on cuda (torch.float16)...
2026-09-11 00:15:28,914 INFO [MusicGen] xformers memory-efficient attention enabled
2026-09-11 00:15:30,461 INFO [MusicGen] torch.compile applied to LM and compression model
2026-09-11 00:15:30,462 INFO [MusicGen] Model loaded on cuda (torch.float16)
2026-09-11 00:15:30,462 INFO [Tunify] MusicGen model pre-warmed successfully
2026-09-11 00:17:12,340 INFO [Tunify] GPU: NVIDIA GeForce RTX 4050 Laptop GPU
2026-09-11 00:17:12,341 INFO [Tunify] VRAM: 6.0 GB
2026-09-11 00:17:18,524 INFO [MusicGen] Loading model 'facebook/musicgen-small' on cuda (torch.float16)...
2026-09-11 00:17:24,462 INFO [MusicGen] xformers memory-efficient attention enabled
2026-09-11 00:17:25,299 INFO [MusicGen] torch.compile applied to LM and compression model
2026-09-11 00:17:25,299 INFO [MusicGen] Model loaded on cuda (torch.float16)
2026-09-11 00:17:25,299 INFO [Tunify] MusicGen model pre-warmed successfully
2026-09-11 00:17:53,364 INFO [voice-swap] job=e116f9c6 orig=.mp3 voice=.m4a converted to wav
2026-09-11 00:17:53,364 INFO [voice-swap] job=e116f9c6 separating vocals from original
2026-09-11 00:17:53,403 INFO [voice-swap] job=e116f9c6 detecting key from original
2026-09-11 00:18:00,187 INFO [voice-swap] job=e116f9c6 key=C# major tempo=83.35433467741936
2026-09-11 00:18:00,187 INFO [voice-swap] job=e116f9c6 auto-tuning voice to C# major
2026-09-11 00:18:23,433 INFO [voice-swap] job=e116f9c6 auto-tune done in 31.1s
2026-09-11 00:18:23,433 INFO [voice-swap] job=e116f9c6 mixing voice with original backing
2026-09-11 00:18:23,587 ERROR [voice-swap] job=e116f9c6 FAILED: Error opening 'outputs\\e116f9c6\\htdemucs\\e116f9c6_orig\\no_vocals.wav': System error.
Traceback (most recent call last):
  File "C:\Users\shrew\tunify\backend\src\routes\audio.py", line 398, in voice_swap
    await loop.run_in_executor(None, _do_mix)
  File "C:\Python313\Lib\concurrent\futures\thread.py", line 59, in run
    result = self.fn(*self.args, **self.kwargs)
  File "C:\Users\shrew\tunify\backend\src\routes\audio.py", line 381, in _do_mix
    backing, _ = load_and_resample(original_backing_path, target_sr=44100)
                 ~~~~~~~~~~~~~~~~~^^^^^^^^^^^^^^^^^^^^^^^^^^^^^^^^^^^^^^^^
  File "C:\Users\shrew\tunify\backend\src\ml\mixer.py", line 9, in load_and_resample
    y, sr = librosa.load(audio_path, sr=target_sr, mono=True)
            ~~~~~~~~~~~~^^^^^^^^^^^^^^^^^^^^^^^^^^^^^^^^^^^^^
  File "C:\Users\shrew\tunify\backend\venv\Lib\site-packages\librosa\core\audio.py", line 156, in load
    y, sr_native = __soundfile_load(path, offset, duration, dtype)
                   ~~~~~~~~~~~~~~~~^^^^^^^^^^^^^^^^^^^^^^^^^^^^^^^
  File "C:\Users\shrew\tunify\backend\venv\Lib\site-packages\librosa\core\audio.py", line 179, in __soundfile_load
    context = sf.SoundFile(path)
  File "C:\Users\shrew\tunify\backend\venv\Lib\site-packages\soundfile.py", line 708, in __init__
    self._file = self._open(file, mode_int, closefd)
                 ~~~~~~~~~~^^^^^^^^^^^^^^^^^^^^^^^^^
  File "C:\Users\shrew\tunify\backend\venv\Lib\site-packages\soundfile.py", line 1296, in _open
    raise LibsndfileError(err, prefix=f"Error opening {self.name!r}: ")
soundfile.LibsndfileError: Error opening 'outputs\\e116f9c6\\htdemucs\\e116f9c6_orig\\no_vocals.wav': System error.
2026-09-11 00:25:23,540 INFO [Tunify] GPU: NVIDIA GeForce RTX 4050 Laptop GPU
2026-09-11 00:25:23,541 INFO [Tunify] VRAM: 6.0 GB
2026-09-11 00:25:38,008 INFO [MusicGen] Loading model 'facebook/musicgen-small' on cuda (torch.float16)...
2026-09-11 00:25:45,199 INFO [MusicGen] xformers memory-efficient attention enabled
2026-09-11 00:25:46,909 INFO [MusicGen] torch.compile applied to LM and compression model
2026-09-11 00:25:46,910 INFO [MusicGen] Model loaded on cuda (torch.float16)
2026-09-11 00:25:46,910 INFO [Tunify] MusicGen model pre-warmed successfully
2026-09-11 00:30:29,247 INFO [Tunify] GPU: NVIDIA GeForce RTX 4050 Laptop GPU
2026-09-11 00:30:29,250 INFO [Tunify] VRAM: 6.0 GB
2026-09-11 00:30:41,274 INFO [MusicGen] Loading model 'facebook/musicgen-small' on cuda (torch.float16)...
2026-09-11 00:30:48,151 INFO [MusicGen] xformers memory-efficient attention enabled
2026-09-11 00:30:49,758 INFO [MusicGen] torch.compile applied to LM and compression model
2026-09-11 00:30:49,758 INFO [MusicGen] Model loaded on cuda (torch.float16)
2026-09-11 00:30:49,758 INFO [Tunify] MusicGen model pre-warmed successfully
2026-09-11 00:33:00,846 INFO [voice-swap] job=ce18c832 orig=.mp3 voice=.m4a converted to wav
2026-09-11 00:33:00,846 INFO [voice-swap] job=ce18c832 separating vocals from original
2026-09-11 00:33:00,879 ERROR demucs failed (rc=1): C:\Python313\python.exe: No module named demucs

2026-09-11 00:33:27,426 INFO [Tunify] GPU: NVIDIA GeForce RTX 4050 Laptop GPU
2026-09-11 00:33:27,427 INFO [Tunify] VRAM: 6.0 GB
2026-09-11 00:33:33,380 INFO [MusicGen] Loading model 'facebook/musicgen-small' on cuda (torch.float16)...
2026-09-11 00:33:39,158 INFO [MusicGen] xformers memory-efficient attention enabled
2026-09-11 00:33:39,952 INFO [MusicGen] torch.compile applied to LM and compression model
2026-09-11 00:33:39,952 INFO [MusicGen] Model loaded on cuda (torch.float16)
2026-09-11 00:33:39,952 INFO [Tunify] MusicGen model pre-warmed successfully
2026-09-11 00:52:50,947 INFO [voice-swap] job=d0e106a1 orig=.m4a voice=.aac converted to wav
2026-09-11 00:52:50,947 INFO [voice-swap] job=d0e106a1 separating vocals from original
2026-09-11 00:52:50,988 ERROR demucs failed (rc=1): C:\Python313\python.exe: No module named demucs

2026-09-11 00:58:00,498 INFO [voice-swap] job=489064fb orig=.m4a voice=.aac converted to wav
2026-09-11 00:58:00,498 INFO [voice-swap] job=489064fb separating vocals from original
2026-09-11 00:58:00,538 ERROR demucs failed (rc=1): C:\Python313\python.exe: No module named demucs

2026-09-11 01:04:03,783 INFO [voice-swap] job=112a4d73 orig=.m4a voice=.aac converted to wav
2026-09-11 01:04:03,784 INFO [voice-swap] job=112a4d73 separating vocals from original
2026-09-11 01:04:07,067 ERROR demucs failed (rc=1): C:\Python313\Lib\site-packages\torch\_subclasses\functional_tensor.py:368: UserWarning: Failed to initialize NumPy: No module named 'numpy' (Triggered internally at C:\actions-runner\_work\pytorch\pytorch\torch\csrc\utils\tensor_numpy.cpp:84.)
  cpu = _conversion_method_template(device=torch.device("cpu"))
Traceback (most recent call last):
  File "<frozen runpy>", line 198, in _run_module_as_main
  File "<frozen runpy>", line 88, in _run_code
  File "C:\Python313\Lib\site-packages\demucs\__main
2026-09-11 01:04:25,025 INFO [Tunify] GPU: NVIDIA GeForce RTX 4050 Laptop GPU
2026-09-11 01:04:25,026 INFO [Tunify] VRAM: 6.0 GB
2026-09-11 01:04:38,299 INFO [MusicGen] Loading model 'facebook/musicgen-small' on cuda (torch.float16)...
2026-09-11 01:04:45,868 INFO [MusicGen] xformers memory-efficient attention enabled
2026-09-11 01:04:46,912 INFO [MusicGen] torch.compile applied to LM and compression model
2026-09-11 01:04:46,912 INFO [MusicGen] Model loaded on cuda (torch.float16)
2026-09-11 01:04:46,912 INFO [Tunify] MusicGen model pre-warmed successfully
2026-09-11 01:04:58,254 INFO [voice-swap] job=f5a942bb orig=.m4a voice=.aac converted to wav
2026-09-11 01:04:58,255 INFO [voice-swap] job=f5a942bb separating vocals from original
2026-09-11 01:05:00,289 ERROR demucs failed (rc=1): C:\Python313\Lib\site-packages\torch\_subclasses\functional_tensor.py:368: UserWarning: Failed to initialize NumPy: No module named 'numpy' (Triggered internally at C:\actions-runner\_work\pytorch\pytorch\torch\csrc\utils\tensor_numpy.cpp:84.)
  cpu = _conversion_method_template(device=torch.device("cpu"))
Traceback (most recent call last):
  File "<frozen runpy>", line 198, in _run_module_as_main
  File "<frozen runpy>", line 88, in _run_code
  File "C:\Python313\Lib\site-packages\demucs\__main
2026-09-11 01:08:37,571 INFO [Tunify] GPU: NVIDIA GeForce RTX 4050 Laptop GPU
2026-09-11 01:08:37,572 INFO [Tunify] VRAM: 6.0 GB
2026-09-11 01:08:43,184 INFO [MusicGen] Loading model 'facebook/musicgen-small' on cuda (torch.float16)...
2026-09-11 01:08:50,434 INFO [MusicGen] xformers memory-efficient attention enabled
2026-09-11 01:08:52,199 INFO [MusicGen] torch.compile applied to LM and compression model
2026-09-11 01:08:52,200 INFO [MusicGen] Model loaded on cuda (torch.float16)
2026-09-11 01:08:52,200 INFO [Tunify] MusicGen model pre-warmed successfully
2026-09-11 01:09:04,311 INFO [voice-swap] job=25bd0fde orig=.m4a voice=.aac converted to wav
2026-09-11 01:09:04,311 INFO [voice-swap] job=25bd0fde separating vocals from original
2026-09-11 01:11:45,554 INFO [voice-swap] job=25bd0fde detecting key from original
2026-09-11 01:11:52,314 INFO [voice-swap] job=25bd0fde key=C# major tempo=83.35433467741936
2026-09-11 01:11:52,315 INFO [voice-swap] job=25bd0fde auto-tuning voice to C# major
2026-09-11 01:11:56,821 INFO [voice-swap] job=25bd0fde auto-tune done in 173.3s
2026-09-11 01:11:56,821 INFO [voice-swap] job=25bd0fde mixing voice with original backing
2026-09-11 01:12:02,894 INFO [voice-swap] job=25bd0fde done in 179.3s
2026-09-11 01:38:52,576 INFO [Tunify] GPU: NVIDIA GeForce RTX 4050 Laptop GPU
2026-09-11 01:38:52,577 INFO [Tunify] VRAM: 6.0 GB
2026-09-11 01:39:06,981 INFO [MusicGen] Loading model 'facebook/musicgen-small' on cuda (torch.float16)...
2026-09-11 01:39:15,453 INFO [MusicGen] xformers memory-efficient attention enabled
2026-09-11 01:39:17,362 INFO [MusicGen] torch.compile applied to LM and compression model
2026-09-11 01:39:17,363 INFO [MusicGen] Model loaded on cuda (torch.float16)
2026-09-11 01:39:17,363 INFO [Tunify] MusicGen model pre-warmed successfully
2026-09-11 01:45:19,472 INFO [voice-swap] job=d0673d93 orig=.m4a voice=.aac converted to wav
2026-09-11 01:45:19,472 INFO [voice-swap] job=d0673d93 separating vocals from original
2026-09-11 01:47:48,422 INFO [voice-swap] job=d0673d93 detecting key from original
2026-09-11 01:47:55,421 INFO [voice-swap] job=d0673d93 key=C# major tempo=83.35433467741936
2026-09-11 01:47:55,421 INFO [voice-swap] job=d0673d93 auto-tuning voice to C# major
2026-09-11 01:48:00,126 INFO [voice-swap] job=d0673d93 auto-tune done in 163.4s
2026-09-11 01:48:00,127 INFO [voice-swap] job=d0673d93 mixing voice with original backing
2026-09-11 01:48:09,179 INFO [voice-swap] job=d0673d93 done in 172.5s
2026-09-11 02:07:03,487 INFO [Tunify] GPU: NVIDIA GeForce RTX 4050 Laptop GPU
2026-09-11 02:07:03,488 INFO [Tunify] VRAM: 6.0 GB
2026-09-11 02:07:15,850 INFO [MusicGen] Loading model 'facebook/musicgen-small' on cuda (torch.float16)...
2026-09-11 02:07:24,922 INFO [MusicGen] xformers memory-efficient attention enabled
2026-09-11 02:07:25,970 INFO [MusicGen] torch.compile applied to LM and compression model
2026-09-11 02:07:25,970 INFO [MusicGen] Model loaded on cuda (torch.float16)
2026-09-11 02:07:25,970 INFO [Tunify] MusicGen model pre-warmed successfully
2026-09-11 02:09:00,477 INFO [voice-swap] job=e37daa55 orig=.m4a voice=.aac converted to wav
2026-09-11 02:09:00,477 INFO [voice-swap] job=e37daa55 separating vocals from original
2026-09-11 02:11:33,494 INFO [voice-swap] job=e37daa55 detecting key from original
2026-09-11 02:11:39,806 INFO [voice-swap] job=e37daa55 key=C# major tempo=83.35433467741936
2026-09-11 02:11:39,807 INFO [voice-swap] job=e37daa55 auto-tuning voice to C# major
2026-09-11 02:11:44,302 INFO [voice-swap] job=e37daa55 auto-tune done in 166.4s
2026-09-11 02:11:44,303 INFO [voice-swap] job=e37daa55 mixing voice with original backing
2026-09-11 02:11:51,151 INFO [voice-swap] job=e37daa55 done in 173.3s
2026-09-11 02:35:16,067 INFO [voice-swap] job=69a39dfb orig=.m4a voice=.aac converted to wav
2026-09-11 02:35:16,067 INFO [voice-swap] job=69a39dfb separating vocals from original
2026-09-11 02:37:49,157 INFO [voice-swap] job=69a39dfb detecting key from original
2026-09-11 02:37:51,881 INFO [voice-swap] job=69a39dfb key=C# major tempo=83.35433467741936
2026-09-11 02:37:51,881 INFO [voice-swap] job=69a39dfb auto-tuning voice to C# major
2026-09-11 02:37:56,477 INFO [voice-swap] job=69a39dfb auto-tune done in 161.1s
2026-09-11 02:37:56,478 INFO [voice-swap] job=69a39dfb mixing voice with original backing
2026-09-11 02:38:00,779 INFO [voice-swap] job=69a39dfb done in 165.4s
2026-09-11 02:52:30,407 INFO [voice-swap] job=80c285e6 orig=.m4a voice=.aac converted to wav
2026-09-11 02:52:30,408 INFO [voice-swap] job=80c285e6 separating vocals from original
2026-09-11 02:55:01,432 INFO [voice-swap] job=80c285e6 detecting key from original
2026-09-11 02:55:04,110 INFO [voice-swap] job=80c285e6 key=C# major tempo=83.35433467741936
2026-09-11 02:55:04,110 INFO [voice-swap] job=80c285e6 auto-tuning voice to C# major
2026-09-11 02:55:09,976 INFO [voice-swap] job=80c285e6 auto-tune done in 160.2s
2026-09-11 02:55:09,977 INFO [voice-swap] job=80c285e6 mixing voice with original backing
2026-09-11 02:55:18,637 INFO [voice-swap] job=80c285e6 done in 168.9s
2026-09-11 03:34:50,742 INFO [Tunify] GPU: NVIDIA GeForce RTX 4050 Laptop GPU
2026-09-11 03:34:50,743 INFO [Tunify] VRAM: 6.0 GB
2026-09-11 03:35:41,078 INFO [MusicGen] Loading model 'facebook/musicgen-small' on cuda (torch.float16)...
2026-09-11 03:35:51,090 INFO [MusicGen] xformers memory-efficient attention enabled
2026-09-11 03:35:53,333 INFO [MusicGen] torch.compile applied to LM and compression model
2026-09-11 03:35:53,333 INFO [MusicGen] Model loaded on cuda (torch.float16)
2026-09-11 03:35:53,334 INFO [Tunify] MusicGen model pre-warmed successfully
2026-09-13 19:12:41,160 INFO [Tunify] GPU: NVIDIA GeForce RTX 4050 Laptop GPU
2026-09-13 19:12:41,162 INFO [Tunify] VRAM: 6.0 GB
2026-09-13 19:13:27,760 INFO [MusicGen] Loading model 'facebook/musicgen-small' on cuda (torch.float16)...
2026-09-13 19:13:57,428 INFO [MusicGen] xformers memory-efficient attention enabled
2026-09-13 19:13:59,708 INFO [MusicGen] torch.compile applied to LM and compression model
2026-09-13 19:13:59,709 INFO [MusicGen] Model loaded on cuda (torch.float16)
2026-09-13 19:13:59,709 INFO [Tunify] MusicGen model pre-warmed successfully
2026-09-13 19:15:07,471 INFO [voice-swap] job=bb7fcbd4 files saved & converted (2.6s)
2026-09-13 19:15:07,472 INFO [voice-swap] job=bb7fcbd4 separating vocals (demucs)
2026-09-13 19:15:11,418 ERROR demucs failed (rc=1): Traceback (most recent call last):
  File "C:\Python313\Lib\urllib\request.py", line 1319, in do_open
    h.request(req.get_method(), req.selector, req.data, headers,
    ~~~~~~~~~^^^^^^^^^^^^^^^^^^^^^^^^^^^^^^^^^^^^^^^^^^^^^^^^^^^
              encode_chunked=req.has_header('Transfer-encoding'))
              ^^^^^^^^^^^^^^^^^^^^^^^^^^^^^^^^^^^^^^^^^^^^^^^^^^^
  File "C:\Python313\Lib\http\client.py", line 1338, in request
    self._send_request(method, url, body, headers, encode_chunked)
    ~
2026-09-13 19:15:16,403 INFO [voice-swap] job=ec00f930 files saved & converted (0.6s)
2026-09-13 19:15:16,403 INFO [voice-swap] job=ec00f930 separating vocals (demucs)
2026-09-13 19:15:18,982 ERROR demucs failed (rc=1): Traceback (most recent call last):
  File "C:\Python313\Lib\urllib\request.py", line 1319, in do_open
    h.request(req.get_method(), req.selector, req.data, headers,
    ~~~~~~~~~^^^^^^^^^^^^^^^^^^^^^^^^^^^^^^^^^^^^^^^^^^^^^^^^^^^
              encode_chunked=req.has_header('Transfer-encoding'))
              ^^^^^^^^^^^^^^^^^^^^^^^^^^^^^^^^^^^^^^^^^^^^^^^^^^^
  File "C:\Python313\Lib\http\client.py", line 1338, in request
    self._send_request(method, url, body, headers, encode_chunked)
    ~
2026-09-19 20:28:27,914 INFO [Tunify] GPU: NVIDIA GeForce RTX 4050 Laptop GPU
2026-09-19 20:28:27,915 INFO [Tunify] VRAM: 6.0 GB
2026-09-19 20:29:14,308 INFO [MusicGen] Loading model 'facebook/musicgen-small' on cuda (torch.float16)...
2026-09-19 20:29:23,496 INFO [MusicGen] xformers memory-efficient attention enabled
2026-09-19 20:29:26,067 INFO [MusicGen] torch.compile applied to LM and compression model
2026-09-19 20:29:26,067 INFO [MusicGen] Model loaded on cuda (torch.float16)
2026-09-19 20:29:26,068 INFO [Tunify] MusicGen model pre-warmed successfully
2026-09-19 20:30:44,087 INFO [voice-swap] job=c92d9e92 files saved & converted (2.5s)
2026-09-19 20:30:44,087 INFO [voice-swap] job=c92d9e92 separating vocals (demucs)
2026-09-19 20:31:06,516 ERROR demucs failed (rc=1): 
  0%|          | 0.00/80.2M [00:00<?, ?B/s]
  0%|          | 384k/80.2M [00:00<00:23, 3.53MB/s]
  2%|1         | 1.50M/80.2M [00:00<00:10, 7.80MB/s]
  3%|3         | 2.62M/80.2M [00:00<00:08, 9.37MB/s]
  5%|4         | 4.00M/80.2M [00:00<00:07, 11.2MB/s]
  7%|6         | 5.25M/80.2M [00:00<00:06, 11.7MB/s]
  8%|8         | 6.62M/80.2M [00:00<00:06, 12.6MB/s]
 10%|#         | 8.12M/80.2M [00:00<00:05, 13.4MB/s]
 12%|#1        | 9.50M/80.2M [00:00<00:05, 13.3MB/s]
 14%|#3        | 11.0M/80.2M [00
2026-09-19 22:35:46,011 INFO [Tunify] GPU: NVIDIA GeForce RTX 4050 Laptop GPU
2026-09-19 22:35:46,012 INFO [Tunify] VRAM: 6.0 GB
2026-09-19 22:36:19,710 INFO [MusicGen] Loading model 'facebook/musicgen-small' on cuda (torch.float16)...
2026-09-19 22:36:26,272 INFO [MusicGen] xformers memory-efficient attention enabled
2026-09-19 22:36:28,001 INFO [MusicGen] torch.compile applied to LM and compression model
2026-09-19 22:36:28,001 INFO [MusicGen] Model loaded on cuda (torch.float16)
2026-09-19 22:36:28,001 INFO [Tunify] MusicGen model pre-warmed successfully
2026-09-19 22:58:11,258 INFO [Tunify] GPU: NVIDIA GeForce RTX 4050 Laptop GPU
2026-09-19 22:58:11,259 INFO [Tunify] VRAM: 6.0 GB
2026-09-19 22:58:31,607 INFO [MusicGen] Loading model 'facebook/musicgen-small' on cuda (torch.float16)...
2026-09-19 22:58:39,092 INFO [MusicGen] xformers memory-efficient attention enabled
2026-09-19 22:58:41,205 INFO [MusicGen] torch.compile applied to LM and compression model
2026-09-19 22:58:41,206 INFO [MusicGen] Model loaded on cuda (torch.float16)
2026-09-19 22:58:41,206 INFO [Tunify] MusicGen model pre-warmed successfully
2026-09-19 23:10:07,236 INFO [Tunify] GPU: NVIDIA GeForce RTX 4050 Laptop GPU
2026-09-19 23:10:07,237 INFO [Tunify] VRAM: 6.0 GB
2026-09-19 23:10:28,467 INFO [MusicGen] Loading model 'facebook/musicgen-small' on cuda (torch.float16)...
2026-09-19 23:10:35,932 INFO [MusicGen] xformers memory-efficient attention enabled
2026-09-19 23:10:38,417 INFO [MusicGen] torch.compile applied to LM and compression model
2026-09-19 23:10:38,417 INFO [MusicGen] Model loaded on cuda (torch.float16)
2026-09-19 23:10:38,417 INFO [Tunify] MusicGen model pre-warmed successfully
2026-09-20 02:00:55,239 INFO [voice-swap] job=3097b1ca files saved & converted (2.5s)
2026-09-20 02:00:55,241 INFO [voice-swap] job=3097b1ca separating vocals (demucs)
2026-09-20 02:00:56,191 INFO [demucs] htdemucs model verified in cache
2026-09-20 02:01:22,178 INFO [voice-swap] job=3097b1ca demucs done (26.9s)
2026-09-20 02:01:31,321 INFO [voice-swap] job=3097b1ca key=C# major tempo=83
2026-09-20 02:01:31,321 INFO [voice-swap] job=3097b1ca matching vocal phrases
2026-09-20 02:01:31,322 INFO [match] starting vocal phrase matching (MFCC+DTW + chroma)
2026-09-20 02:01:31,792 INFO [match] original vocal: 263.4s  user vocal: 59.7s
2026-09-20 02:01:33,550 INFO [match] MFCC+DTW: start=104.5s  score=0.844
2026-09-20 02:01:36,381 INFO [match] chroma: start=0.0s  score=0.970
2026-09-20 02:01:48,276 INFO [melody] extracted 641 notes from outputs\3097b1ca\htdemucs\3097b1ca_orig\vocals.wav
2026-09-20 02:01:50,737 INFO [melody] extracted 128 notes from uploads\3097b1ca_voice.wav
2026-09-20 02:01:50,741 INFO [match] contour: start=180.0s  score=0.134
2026-09-20 02:01:50,741 INFO [match] combined=0.675  section=0.0s-59.7s
2026-09-20 02:01:50,744 INFO [voice-swap] job=3097b1ca match: start=0.0s end=59.7s  confidence=0.675  (19.4s)
2026-09-20 02:01:50,744 INFO [voice-swap] job=3097b1ca extracting backing section 0.0s-59.7s
2026-09-20 02:01:52,826 INFO [backing] snapped to beat grid: 10.80s - 59.37s
2026-09-20 02:01:52,849 INFO [backing] extracted 48.6s (10.8s - 59.4s)
2026-09-20 02:01:52,852 INFO [voice-swap] job=3097b1ca backing section: 48.6s (2.1s)
2026-09-20 02:01:52,852 INFO [voice-swap] job=3097b1ca RVC voice conversion
2026-09-20 02:01:56,260 INFO [VoiceConvert] Initializing RVC on cuda:0
2026-09-20 02:03:30,426 WARNING [VoiceConvert] No voice model specified, using default
2026-09-20 02:03:30,427 INFO [VoiceConvert] Converting: uploads\3097b1ca_voice.wav -> outputs\3097b1ca_converted.wav (pitch=0, f0=rmvpe, index_rate=0.5)
2026-09-20 02:03:30,427 ERROR [VoiceConvert] RVC inference failed: Please load a model first.
2026-09-20 02:03:30,427 INFO [VoiceConvert] Fallback: librosa pitch shift by 0 semitones
2026-09-20 02:03:30,497 INFO [voice-swap] job=3097b1ca voice conversion: librosa_fallback (97.6s)
2026-09-20 02:03:30,498 INFO [voice-swap] job=3097b1ca time-stretching voice
2026-09-20 02:03:31,420 INFO [stretch] 59.7s -> 48.6s (rate=1.229)
2026-09-20 02:03:31,424 INFO [voice-swap] job=3097b1ca stretch done (0.9s)
2026-09-20 02:03:31,424 INFO [voice-swap] job=3097b1ca extracting target melody for section
2026-09-20 02:03:42,883 INFO [melody] extracted 641 notes from outputs\3097b1ca\htdemucs\3097b1ca_orig\vocals.wav
2026-09-20 02:03:42,884 INFO [voice-swap] job=3097b1ca target melody: 143 notes (11.5s)
2026-09-20 02:03:42,885 INFO [voice-swap] job=3097b1ca pitch-correcting toward melody (freq-dependent)
2026-09-20 02:03:46,824 INFO [pitch-correct] corrected 3492 frames toward target melody (freq-dependent)
2026-09-20 02:03:46,830 INFO [voice-swap] job=3097b1ca pitch correction done (3.9s)
2026-09-20 02:03:46,831 INFO [voice-swap] job=3097b1ca mixing final result
2026-09-20 02:03:49,660 INFO [voice-swap] job=3097b1ca WAV mix done (2.8s)
2026-09-20 02:03:50,072 INFO [voice-swap] job=3097b1ca MP3 conversion done (0.4s)
2026-09-20 02:03:50,073 INFO [voice-swap] job=3097b1ca completed in 177.4s (melody_match + RVC)
2026-09-20 02:13:11,919 INFO [MusicGen] Generating: 'bass with guitar music for intro section of a song' (30.0s)
2026-09-20 02:14:53,257 INFO [MusicGen] Saved to outputs\7711f8b5_generated.wav (30.0s)
2026-09-20 02:17:03,459 INFO [MusicGen] Generating: 'bass , strong guitar volume in every 2-3 sec but after 10 sec' (30.0s)
2026-09-20 02:18:41,543 INFO [MusicGen] Saved to outputs\72c9a2ca_generated.wav (30.0s)
2026-09-20 02:20:32,789 INFO [MusicGen] Generating: 'vibe music' (30.0s)
2026-09-20 02:22:07,912 INFO [MusicGen] Saved to outputs\b6abd2ec_generated.wav (30.0s)
